[0/2] Re-checking globbed directories...
[1/156] Building CXX object CMakeFiles/mqsim_hbf.dir/_deps/mqsim-hbf-src/src/exec/Execution_Parameter_Set.cpp.o
[2/156] Building CXX object CMakeFiles/mqsim_hbf.dir/_deps/mqsim-hbf-src/src/exec/Host_Parameter_Set.cpp.o
[3/156] Building CXX object CMakeFiles/mqsim_hbf.dir/_deps/mqsim-hbf-src/src/exec/Host_System.cpp.o
[4/156] Building CXX object CMakeFiles/mqsim_hbf.dir/_deps/mqsim-hbf-src/src/exec/Flash_Parameter_Set.cpp.o
[5/156] Building CXX object CMakeFiles/mqsim_hbf.dir/_deps/mqsim-hbf-src/src/host/IO_Flow_Synthetic.cpp.o
[6/156] Building CXX object CMakeFiles/mqsim_hbf.dir/_deps/mqsim-hbf-src/src/exec/Device_Parameter_Set.cpp.o
[7/156] Building CXX object CMakeFiles/mqsim_hbf.dir/_deps/mqsim-hbf-src/src/host/IO_Flow_Base.cpp.o
[8/156] Building CXX object CMakeFiles/mqsim_hbf.dir/_deps/mqsim-hbf-src/src/exec/IO_Flow_Parameter_Set.cpp.o
[9/156] Building CXX object CMakeFiles/mqsim_hbf.dir/_deps/mqsim-hbf-src/src/exec/SSD_Device.cpp.o
[10/156] Building CXX object CMakeFiles/mqsim_hbf.dir/_deps/mqsim-hbf-src/src/host/PCIe_Root_Complex.cpp.o
[11/156] Building CXX object CMakeFiles/mqsim_hbf.dir/_deps/mqsim-hbf-src/src/host/PCIe_Link.cpp.o
[12/156] Building CXX object CMakeFiles/mqsim_hbf.dir/_deps/mqsim-hbf-src/src/host/PCIe_Switch.cpp.o
[13/156] Building CXX object CMakeFiles/mqsim_hbf.dir/_deps/mqsim-hbf-src/src/host/IO_Flow_Trace_Based.cpp.o
[14/156] Building CXX object CMakeFiles/mqsim_hbf.dir/_deps/mqsim-hbf-src/src/nvm_chip/flash_memory/Block.cpp.o
[15/156] Building CXX object CMakeFiles/mqsim_hbf.dir/_deps/mqsim-hbf-src/src/nvm_chip/flash_memory/Die.cpp.o
[16/156] Building CXX object CMakeFiles/mqsim_hbf.dir/_deps/mqsim-hbf-src/src/nvm_chip/flash_memory/Physical_Page_Address.cpp.o
[17/156] Building CXX object CMakeFiles/mqsim_hbf.dir/_deps/mqsim-hbf-src/src/nvm_chip/flash_memory/Plane.cpp.o
[18/156] Building CXX object CMakeFiles/mqsim_hbf.dir/_deps/mqsim-hbf-src/src/sim/EventTree.cpp.o
[19/156] Building CXX object CMakeFiles/mqsim_hbf.dir/_deps/mqsim-hbf-src/src/host/SATA_HBA.cpp.o
[20/156] Building CXX object CMakeFiles/mqsim_hbf.dir/_deps/mqsim-hbf-src/src/sim/Engine.cpp.o
[21/156] Building CXX object CMakeFiles/mqsim_hbf.dir/_deps/mqsim-hbf-src/src/nvm_chip/flash_memory/Flash_Chip.cpp.o
[22/156] Building CXX object CMakeFiles/mqsim_hbf.dir/_deps/mqsim-hbf-src/src/ssd/Address_Mapping_Unit_Base.cpp.o
[23/156] Building CXX object CMakeFiles/mqsim_hbf.dir/_deps/mqsim-hbf-src/src/ssd/Address_Mapping_Unit_Hybrid.cpp.o
[24/156] Building CXX object CMakeFiles/mqsim_hbf.dir/_deps/mqsim-hbf-src/src/ssd/Data_Cache_Flash.cpp.o
[25/156] Building CXX object CMakeFiles/mqsim_hbf.dir/_deps/mqsim-hbf-src/src/ssd/Data_Cache_Manager_Base.cpp.o
[26/156] Building CXX object CMakeFiles/mqsim_hbf.dir/_deps/mqsim-hbf-src/src/ssd/Flash_Block_Manager.cpp.o
[27/156] Building CXX object CMakeFiles/mqsim_hbf.dir/_deps/mqsim-hbf-src/src/ssd/Data_Cache_Manager_Flash_Advanced.cpp.o
[28/156] Building CXX object CMakeFiles/mqsim_hbf.dir/_deps/mqsim-hbf-src/src/ssd/Data_Cache_Manager_Flash_Simple.cpp.o
[29/156] Building CXX object CMakeFiles/mqsim_hbf.dir/_deps/mqsim-hbf-src/src/ssd/Flash_Block_Manager_Base.cpp.o
[30/156] Building CXX object CMakeFiles/mqsim_hbf.dir/_deps/mqsim-hbf-src/src/ssd/Flash_Transaction_Queue.cpp.o
[31/156] Building CXX object CMakeFiles/mqsim_hbf.dir/_deps/mqsim-hbf-src/src/ssd/GC_and_WL_Unit_Base.cpp.o
[32/156] Building CXX object CMakeFiles/mqsim_hbf.dir/_deps/mqsim-hbf-src/src/ssd/Host_Interface_Base.cpp.o
[33/156] Building CXX object CMakeFiles/mqsim_hbf.dir/_deps/mqsim-hbf-src/src/ssd/Host_Interface_HBF.cpp.o
[34/156] Building CXX object CMakeFiles/mqsim_hbf.dir/_deps/mqsim-hbf-src/src/ssd/GC_and_WL_Unit_Page_Level.cpp.o
[35/156] Building CXX object CMakeFiles/mqsim_hbf.dir/_deps/mqsim-hbf-src/src/ssd/NVM_Firmware.cpp.o
[36/156] Building CXX object CMakeFiles/mqsim_hbf.dir/_deps/mqsim-hbf-src/src/ssd/NVM_PHY_Base.cpp.o
[37/156] Building CXX object CMakeFiles/mqsim_hbf.dir/_deps/mqsim-hbf-src/src/ssd/NVM_PHY_ONFI.cpp.o
[38/156] Building CXX object CMakeFiles/mqsim_hbf.dir/_deps/mqsim-hbf-src/src/ssd/NVM_Transaction_Flash.cpp.o
[39/156] Building CXX object CMakeFiles/mqsim_hbf.dir/_deps/mqsim-hbf-src/src/ssd/Address_Mapping_Unit_Page_Level.cpp.o
[40/156] Building CXX object CMakeFiles/mqsim_hbf.dir/_deps/mqsim-hbf-src/src/ssd/Host_Interface_NVMe.cpp.o
[41/156] Building CXX object CMakeFiles/mqsim_hbf.dir/_deps/mqsim-hbf-src/src/ssd/Host_Interface_SATA.cpp.o
[42/156] Building CXX object CMakeFiles/mqsim_hbf.dir/_deps/mqsim-hbf-src/src/ssd/NVM_Transaction_Flash_ER.cpp.o
[43/156] Building CXX object CMakeFiles/mqsim_hbf.dir/_deps/mqsim-hbf-src/src/ssd/NVM_Transaction_Flash_RD.cpp.o
[44/156] Building CXX object CMakeFiles/mqsim_hbf.dir/_deps/mqsim-hbf-src/src/ssd/ONFI_Channel_Base.cpp.o
[45/156] Building CXX object CMakeFiles/mqsim_hbf.dir/_deps/mqsim-hbf-src/src/ssd/TSU_FLIN.cpp.o
[46/156] Building CXX object CMakeFiles/mqsim_hbf.dir/_deps/mqsim-hbf-src/src/ssd/ONFI_Channel_NVDDR2.cpp.o
[47/156] Building CXX object CMakeFiles/mqsim_hbf.dir/_deps/mqsim-hbf-src/src/ssd/Stats.cpp.o
[48/156] Building CXX object CMakeFiles/mqsim_hbf.dir/_deps/mqsim-hbf-src/src/ssd/NVM_Transaction_Flash_WR.cpp.o
[49/156] Building CXX object CMakeFiles/mqsim_hbf.dir/_deps/mqsim-hbf-src/src/ssd/FTL.cpp.o
[50/156] Building CXX object CMakeFiles/mqsim_hbf.dir/_deps/mqsim-hbf-src/src/utils/CMRRandomGenerator.cpp.o
[51/156] Building CXX object CMakeFiles/mqsim_hbf.dir/_deps/mqsim-hbf-src/src/ssd/NVM_PHY_ONFI_NVDDR2.cpp.o
[52/156] Building CXX object CMakeFiles/mqsim_hbf.dir/_deps/mqsim-hbf-src/src/ssd/User_Request.cpp.o
[53/156] Building CXX object CMakeFiles/mqsim_hbf.dir/_deps/mqsim-hbf-src/src/utils/Helper_Functions.cpp.o
[54/156] Building CXX object CMakeFiles/mqsim_hbf.dir/_deps/mqsim-hbf-src/src/ssd/Queue_Probe.cpp.o
[55/156] Building CXX object CMakeFiles/hbfsim_core.dir/src/api.cpp.o
[56/156] Building CXX object CMakeFiles/mqsim_hbf.dir/_deps/mqsim-hbf-src/src/ssd/TSU_Base.cpp.o
[57/156] Building CXX object CMakeFiles/mqsim_hbf.dir/_deps/mqsim-hbf-src/src/utils/StringTools.cpp.o
[58/156] Building CXX object CMakeFiles/mqsim_hbf.dir/_deps/mqsim-hbf-src/src/utils/RandomGenerator.cpp.o
[59/156] Building CXX object CMakeFiles/mqsim_hbf.dir/_deps/mqsim-hbf-src/src/utils/Logical_Address_Partitioning_Unit.cpp.o
[60/156] Building CXX object CMakeFiles/mqsim_hbf.dir/_deps/mqsim-hbf-src/src/utils/XMLWriter.cpp.o
[61/156] Building CXX object CMakeFiles/mqsim_hbf.dir/_deps/mqsim-hbf-src/src/ssd/TSU_OutofOrder.cpp.o
[62/156] Building CXX object CMakeFiles/hbfsim_core.dir/src/cuda_runtime/module_identity.cpp.o
[63/156] Building CXX object CMakeFiles/mqsim_hbf.dir/_deps/mqsim-hbf-src/src/ssd/TSU_Priority_OutOfOrder.cpp.o
[64/156] Building CXX object CMakeFiles/hbfsim_core.dir/src/cuda_runtime/hbm_cache.cpp.o
[65/156] Building CXX object CMakeFiles/hbfsim_core.dir/src/cuda_runtime/range_table.cpp.o
[66/156] Building CXX object CMakeFiles/hbfsim_core.dir/src/cuda_runtime/vmm.cpp.o
[67/156] Building CXX object CMakeFiles/hbfsim_core.dir/src/cuda_runtime/timing_binding.cpp.o
[68/156] Building CXX object CMakeFiles/hbfsim_core.dir/src/cuda_runtime/capacity_runtime.cpp.o
[69/156] Building CXX object CMakeFiles/hbfsim_core.dir/src/hybrid/calibrator.cpp.o
[70/156] Building CXX object CMakeFiles/hbfsim_core.dir/src/host_service/request_dispatcher.cpp.o
[71/156] Building CXX object CMakeFiles/hbfsim_core.dir/src/host_service/backing_store.cpp.o
[72/156] Building CXX object CMakeFiles/hbfsim_core.dir/src/host_service/capacity_backing_router.cpp.o
[73/156] Building CXX object CMakeFiles/hbfsim_core.dir/src/protocol/page_directory.cpp.o
[74/156] Building CXX object CMakeFiles/hbfsim_core.dir/src/cuda_runtime/context.cpp.o
[75/156] Building CXX object CMakeFiles/hbfsim_core.dir/src/host_service/capacity_page_service.cpp.o
[76/156] Building CXX object CMakeFiles/hbfsim_core.dir/src/reporting/durable_append.cpp.o
[77/156] Building CXX object CMakeFiles/hbfsim_core.dir/src/host_service/capacity_worker.cpp.o
[78/156] Linking CXX static library libmqsim_hbf.a
[79/156] Building CXX object CMakeFiles/hbfsim_core.dir/src/ucie/bank_layout.cpp.o
[80/156] Building CXX object CMakeFiles/hbfsim.dir/src/cuda_runtime/shared_library.cpp.o
[81/156] Building CXX object CMakeFiles/hbfsimd.dir/src/host_service/main.cpp.o
FAILED: [code=1] CMakeFiles/hbfsimd.dir/src/host_service/main.cpp.o 
/usr/bin/c++ -DHBFSIM_ENABLE_MQSIM_RUNTIME=1 -I/root/hbfsim-exp/publication-v0.1.1-20261006/release-source-v1/src/host_service -I/root/hbfsim-exp/publication-v0.1.1-20261006/release-source-v1/include -O3 -DNDEBUG -std=gnu++20 -MD -MT CMakeFiles/hbfsimd.dir/src/host_service/main.cpp.o -MF CMakeFiles/hbfsimd.dir/src/host_service/main.cpp.o.d -o CMakeFiles/hbfsimd.dir/src/host_service/main.cpp.o -c /root/hbfsim-exp/publication-v0.1.1-20261006/release-source-v1/src/host_service/main.cpp
In file included from /root/hbfsim-exp/publication-v0.1.1-20261006/release-source-v1/src/host_service/../ucie/private_observer_gate.hpp:2,
                 from /root/hbfsim-exp/publication-v0.1.1-20261006/release-source-v1/src/host_service/main.cpp:1:
/root/hbfsim-exp/publication-v0.1.1-20261006/release-source-v1/src/host_service/../ucie/parallel_component_accounting_v1.hpp:12:10: fatal error: json.hpp: No such file or directory
   12 | #include <json.hpp>
      |          ^~~~~~~~~~
compilation terminated.
[82/156] Building CXX object CMakeFiles/hbfsim_marker_preload.dir/tests/integration/marker_preload.cpp.o
[83/156] Building CXX object CMakeFiles/hbfsim_core.dir/src/mqsim_adapter/mqsim_online.cpp.o
[84/156] Building CXX object CMakeFiles/hbfsim_core.dir/src/reporting/coverage_writer.cpp.o
[85/156] Building CXX object CMakeFiles/hbfsim_core.dir/src/profile/profile.cpp.o
[86/156] Building CXX object CMakeFiles/hbfsim_core.dir/src/ptxpass_hbf/ptx_memory_op.cpp.o
[87/156] Building CXX object CMakeFiles/hbfsim_core.dir/src/ptxpass_hbf/transform.cpp.o
[88/156] Building CXX object CMakeFiles/hbfsim_core.dir/src/cuda_runtime/coverage.cpp.o
ninja: build stopped: subcommand failed.
