[0/2] Re-checking globbed directories...
[1/112] Building CXX object CMakeFiles/hbfsim.dir/src/cuda_runtime/shared_library.cpp.o
[2/112] Building CXX object CMakeFiles/hbfsim_cpu_tests.dir/tests/cpu/build_smoke.cpp.o
[3/112] Building CXX object CMakeFiles/hbfsim_marker_preload.dir/tests/integration/marker_preload.cpp.o
[4/112] Building CXX object CMakeFiles/hbfsim_protocol_tests.dir/tests/cpu/protocol_layout_test.cpp.o
[5/112] Building CXX object CMakeFiles/hbfsim_page_directory_tests.dir/tests/cpu/page_directory_test.cpp.o
[6/112] Building CXX object CMakeFiles/hbfsim_calibrator_tests.dir/tests/cpu/calibrator_test.cpp.o
[7/112] Building CXX object CMakeFiles/hbfsim_timing_binding_tests.dir/tests/cpu/timing_binding_test.cpp.o
[8/112] Building CXX object CMakeFiles/hbfsim_device_helper_abi_tests.dir/tests/cpu/device_helper_abi_test.cpp.o
[9/112] Building CXX object CMakeFiles/hbfsim_backing_store_tests.dir/tests/cpu/backing_store_test.cpp.o
[10/112] Building CXX object CMakeFiles/hbfsim_hbm_cache_tests.dir/tests/cpu/hbm_cache_test.cpp.o
[11/112] Building CXX object CMakeFiles/hbfsim_profile_tests.dir/tests/cpu/profile_test.cpp.o
[12/112] Building CXX object CMakeFiles/hbfsim_vmm_tests.dir/tests/cpu/vmm_test.cpp.o
[13/112] Building CXX object CMakeFiles/hbfsim_range_table_tests.dir/tests/cpu/range_table_test.cpp.o
[14/112] Linking CXX shared library libhbfsim_marker_preload.so
[15/112] Building CXX object CMakeFiles/hbfsim_device_ordering_reference_tests.dir/tests/cpu/device_ordering_reference_test.cpp.o
[16/112] Building CXX object CMakeFiles/hbfsim_capacity_handoff_tests.dir/tests/cpu/capacity_handoff_test.cpp.o
[17/112] Building CXX object CMakeFiles/hbfsim_capacity_backing_router_tests.dir/tests/cpu/capacity_backing_router_test.cpp.o
[18/112] Building CXX object CMakeFiles/hbfsim_capacity_dispatch_tests.dir/tests/cpu/capacity_dispatch_test.cpp.o
[19/112] Building CXX object CMakeFiles/ptx_transform_test.dir/tests/cpu/ptx_transform_test.cpp.o
[20/112] Building CXX object CMakeFiles/hbfsim_core.dir/src/cuda_runtime/context.cpp.o
[21/112] Building CXX object CMakeFiles/hbfsim_capacity_page_service_tests.dir/tests/cpu/capacity_page_service_test.cpp.o
[22/112] Building CXX object CMakeFiles/hbfsim_capacity_worker_tests.dir/tests/cpu/capacity_worker_test.cpp.o
[23/112] Linking CXX static library libhbfsim_core.a
[24/112] Building CXX object CMakeFiles/module_identity_test.dir/tests/cpu/module_identity_test.cpp.o
[25/112] Linking CXX executable ucie_stack_worker
[26/112] Linking CXX executable hbfsimd
[27/112] Linking CXX shared library libhbfsim.so.0.1.1
[28/112] Building CXX object CMakeFiles/daemon_protocol_test.dir/tests/integration/daemon_protocol_test.cpp.o
[29/112] Building CXX object CMakeFiles/ptx_async_copy_coverage_test.dir/tests/cpu/ptx_async_copy_coverage_test.cpp.o
[30/112] Building CXX object CMakeFiles/durable_append_test.dir/tests/cpu/durable_append_test.cpp.o
[31/112] Building CXX object CMakeFiles/mqsim_queue_depth_test.dir/tests/integration/mqsim_queue_depth_test.cpp.o
[32/112] Building CXX object CMakeFiles/mqsim_online_test.dir/tests/integration/mqsim_online_test.cpp.o
[33/112] Building CXX object CMakeFiles/context_lifecycle_test.dir/tests/cpu/context_lifecycle_test.cpp.o
[34/112] Building CXX object CMakeFiles/coverage_gate_test.dir/tests/cpu/coverage_gate_test.cpp.o
[35/112] Building CXX object CMakeFiles/ucie_mqsim_bench.dir/benchmarks/mqsim/ucie_mqsim_bench.cpp.o
[36/112] Building CXX object CMakeFiles/ucie_device_bench.dir/benchmarks/mqsim/ucie_device_bench.cpp.o
[37/112] Building CXX object CMakeFiles/ucie_device_frontend_test.dir/tests/integration/ucie_device_frontend_test.cpp.o
[38/112] Building CXX object CMakeFiles/ucie_mqsim_test.dir/tests/integration/ucie_mqsim_test.cpp.o
[39/112] Building CXX object CMakeFiles/ucie_16k_sustained_bench.dir/benchmarks/mqsim/ucie_16k_sustained.cpp.o
[40/112] Building CXX object CMakeFiles/ucie_stack_router_test.dir/tests/cpu/ucie_stack_router_test.cpp.o
[41/112] Building CXX object CMakeFiles/coverage_manifest_flow_test.dir/tests/integration/coverage_manifest_flow_test.cpp.o
[42/112] Building CXX object CMakeFiles/ucie_device_frontend_fake_test.dir/tests/cpu/ucie_device_frontend_fake_test.cpp.o
[43/112] Building CXX object CMakeFiles/ptxpass_hbf.dir/src/ptxpass_hbf/main.cpp.o
[44/112] Building CXX object CMakeFiles/ucie_multistack_balanced_test.dir/tests/integration/ucie_multistack_balanced_test.cpp.o
[45/112] Building CXX object CMakeFiles/ucie_multistack_compare.dir/benchmarks/mqsim/ucie_multistack_compare.cpp.o
[46/112] Building CXX object CMakeFiles/hbf_mqsim_bench.dir/benchmarks/mqsim/hbf_mqsim_bench.cpp.o
[47/112] Building CXX object CMakeFiles/ucie_multistack_reassembly_test.dir/tests/integration/ucie_multistack_reassembly_test.cpp.o
[48/112] Building CXX object CMakeFiles/ucie_stack_capacity_test.dir/tests/integration/ucie_stack_capacity_test.cpp.o
[49/112] Building CXX object CMakeFiles/ucie_device_profile_test.dir/tests/cpu/ucie_device_profile_test.cpp.o
[50/112] Creating library symlink libhbfsim.so.0 libhbfsim.so
[51/112] Linking CXX executable hbfsim_cpu_tests
[52/112] Linking CXX executable hbfsim_profile_tests
[53/112] Linking CXX executable hbfsim_calibrator_tests
[54/112] Linking CXX executable hbfsim_protocol_tests
[55/112] Linking CXX executable hbfsim_page_directory_tests
[56/112] Linking CXX executable hbfsim_range_table_tests
[57/112] Linking CXX executable hbfsim_timing_binding_tests
[58/112] Linking CXX executable hbfsim_device_helper_abi_tests
[59/112] Linking CXX executable hbfsim_backing_store_tests
[60/112] Linking CXX executable hbfsim_capacity_backing_router_tests
[61/112] Linking CXX executable hbfsim_hbm_cache_tests
[62/112] Linking CXX executable hbfsim_vmm_tests
[63/112] Linking CXX executable hbfsim_capacity_page_service_tests
[64/112] Building CXX object CMakeFiles/ucie_event_advance_test.dir/tests/integration/ucie_event_advance_test.cpp.o
[65/112] Linking CXX executable hbfsim_capacity_handoff_tests
[66/112] Linking CXX executable hbfsim_capacity_worker_tests
[67/112] Linking CXX executable hbfsim_capacity_dispatch_tests
[68/112] Building CXX object CMakeFiles/ucie_multistack_profile_resolve.dir/benchmarks/mqsim/ucie_multistack_profile_resolve.cpp.o
[69/112] Linking CXX executable hbfsim_device_ordering_reference_tests
[70/112] Linking CXX executable context_lifecycle_test
[71/112] Linking CXX executable daemon_protocol_test
[72/112] Linking CXX executable durable_append_test
[73/112] Linking CXX executable module_identity_test
[74/112] Linking CXX executable coverage_gate_test
[75/112] Linking CXX executable ptx_transform_test
[76/112] Linking CXX executable ptx_async_copy_coverage_test
[77/112] Linking CXX executable src/ptxpass_hbf/ptxpass_hbf
[78/112] Linking CXX executable coverage_manifest_flow_test
[79/112] Linking CXX executable mqsim_online_test
[80/112] Linking CXX executable mqsim_queue_depth_test
[81/112] Linking CXX executable hbf_mqsim_bench
[82/112] Linking CXX executable ucie_mqsim_bench
[83/112] Linking CXX executable ucie_device_bench
[84/112] Linking CXX executable ucie_16k_sustained_bench
[85/112] Linking CXX executable ucie_mqsim_test
[86/112] Linking CXX executable ucie_link_test
[87/112] Linking CXX executable ucie_device_coalescer_test
[88/112] Linking CXX executable ucie_device_frontend_test
[89/112] Linking CXX executable ucie_bank_layout_test
[90/112] Linking CXX executable ucie_device_frontend_fake_test
[91/112] Linking CXX executable ucie_device_profile_test
[92/112] Building CXX object CMakeFiles/ucie_multistack_profile_test.dir/tests/integration/ucie_multistack_profile_test.cpp.o
[93/112] Linking CXX executable ucie_stack_frontend_test
[94/112] Linking CXX executable ucie_stack_router_test
[95/112] Linking CXX executable ucie_worker_horizon_test
[96/112] Linking CXX executable ucie_multistack_profile_test
[97/112] Linking CXX executable ucie_multistack_balanced_test
[98/112] Linking CXX executable ucie_multistack_compare
[99/112] Linking CXX executable ucie_multistack_profile_resolve
[100/112] Linking CXX executable ucie_multistack_reassembly_test
[101/112] Linking CXX executable ucie_stack_capacity_test
[102/112] Linking CXX executable ucie_multistack_lifecycle_test
[103/112] Linking CXX executable ucie_multistack_frontend_test
[104/112] Linking CXX executable ucie_event_advance_test
[105/112] Building CXX object CMakeFiles/ptxpass_hbf_plugin.dir/src/ptxpass_hbf/plugin.cpp.o
[106/112] Linking CXX shared library libptxpass_hbf.so
[107/112] Building CXX object CMakeFiles/ptxpass_hbf_aggregate_plugin.dir/src/ptxpass_hbf/plugin_aggregate_metadata.cpp.o
[108/112] Linking CXX shared library libptxpass_hbf_aggregate.so
[109/112] Building CXX object CMakeFiles/ucie_backend_adapter_test.dir/tests/integration/ucie_backend_adapter_test.cpp.o
[110/112] Building CXX object CMakeFiles/ucie_backend_adapter_test.dir/src/host_service/ucie_backend_adapter.cpp.o
[111/112] Linking CXX executable ucie_backend_adapter_test
