
Dynamic section at offset 0x1c56d0 contains 31 entries:
  Tag        Type                         Name/Value
 0x0000000000000001 (NEEDED)             Shared library: [libcrypto.so.3]
 0x0000000000000001 (NEEDED)             Shared library: [libstdc++.so.6]
 0x0000000000000001 (NEEDED)             Shared library: [libm.so.6]
 0x0000000000000001 (NEEDED)             Shared library: [libgcc_s.so.1]
 0x0000000000000001 (NEEDED)             Shared library: [libc.so.6]
 0x000000000000000c (INIT)               0xa000
 0x000000000000000d (FINI)               0x187210
 0x0000000000000019 (INIT_ARRAY)         0x1c3638
 0x000000000000001b (INIT_ARRAYSZ)       64 (bytes)
 0x000000000000001a (FINI_ARRAY)         0x1c3678
 0x000000000000001c (FINI_ARRAYSZ)       8 (bytes)
 0x000000006ffffef5 (GNU_HASH)           0x3c8
 0x0000000000000005 (STRTAB)             0x19f0
 0x0000000000000006 (SYMTAB)             0x4c0
 0x000000000000000a (STRSZ)              7503 (bytes)
 0x000000000000000b (SYMENT)             24 (bytes)
 0x0000000000000015 (DEBUG)              0x0
 0x0000000000000003 (PLTGOT)             0x1c5900
 0x0000000000000002 (PLTRELSZ)           4056 (bytes)
 0x0000000000000014 (PLTREL)             RELA
 0x0000000000000017 (JMPREL)             0x8e38
 0x0000000000000007 (RELA)               0x3b58
 0x0000000000000008 (RELASZ)             21216 (bytes)
 0x0000000000000009 (RELAENT)            24 (bytes)
 0x000000000000001e (FLAGS)              BIND_NOW
 0x000000006ffffffb (FLAGS_1)            Flags: NOW PIE
 0x000000006ffffffe (VERNEED)            0x3908
 0x000000006fffffff (VERNEEDNUM)         5
 0x000000006ffffff0 (VERSYM)             0x3740
 0x000000006ffffff9 (RELACOUNT)          653
 0x0000000000000000 (NULL)               0x0
